['540', 'btwist', 'side flip']
['540', 'full twist', 'front tuck']
['540', 'cork', 'back tuck']
['tornado', 'cork', 'side flip']
['cheat 720', 'cork', 'back tuck']
['540', 'full twist', 'side flip']
['540', 'cork', 'back tuck']
['540', 'cork', 'side flip']
['hook', 'cork', 'back tuck']
['cheat 720', 'btwist', 'front tuck']
